--- 2025-11-17 17:15:54 | OnAuthenticationFailed ---
Request URL: http://localhost:52498/

--- 2025-11-17 17:23:13 | OnRedirectToIdentityProvider ---
Request URL: http://localhost:52498/?code=1.ASYAN5cMeY4LOEGg9IGc3B62S7HdCBTWo3JJgfC7PnOrnplSAVomAA.AgABBAIAAABlMNzVhAPUTrARzfQjWPtKAwDs_wUA9P9b3__qRg_B8bo_RNNBTGzJoMpXJDLrxSGkspXv1SW3l_H2ES9K084nQTxBGzy0MqKVtX2NUz8q9sR7WaedNEaX14_FOKx3Mv5CAB1ikSvp1abS1-cI4-o0xDSsue98I4xNAMYNFurt0UEurfW0xh5eEI6FnX8HDbAAINrzXvrhrw5RfukrflumL2D75PFILm2bXgkJ_VPi3nWFbRqQsZeE193KyIgrFvGkGhH4xi57mQbO5sjbc_vy_jOlAtoqHkn9dJF--YliGyB_GAzhE0oyA1cM5DUsP3DocPVHTBlNHXt6rB1xRY3jVMYzjOQ_ajvUREXLcMjqKwrNzFnxJ4oiabOXz6xRQXTk9CH2rwbgffNj3hrpb09Y8e1IdGLj3Zd2hE7E6aC58zugNfuHdvMxaV9SRO2NZ6fICEazv-SdJy-jQPpfURn6OT7KyFcdFmy9GjD3C80MCn0_mFAbaBexjnMswvJfdTcYh97Yv3v3tAL7LkC-TXZoIH0GgFxsusWfBwo3QYG6OnscPhqOdnPTqEq3bdm_m6ycptLF1Zm_vt8Cwcxzo5U78qYmwhy84WOYh7IROQwqyMhWzLFHW6OhACS4n0FBcJg-Xb_6_kpTMm1CaLqnTOBE8YtPJxOfEKXuPRpIAink8yqD034e9ZVe-tCkiw0O_ApqpcUxX4UGPskfLVyVmptO&state=12345&session_state=009c47e9-e042-0bd6-f572-7e2d9c5498b1
Cookie: _ga = GA1.1.2041843706.1695989904
Cookie: _ga_E937DN4FQ7 = GS2.1.s1762967575$o9$g1$t1762969357$j52$l0$h0
Cookie: ASP.NET_SessionId = qrdsqammqh1rvvpybku55gvv

--- 2025-11-17 17:23:13 | OnRedirectToIdentityProvider ---
Request URL: http://localhost:52498/
Cookie: _ga = GA1.1.2041843706.1695989904
Cookie: _ga_E937DN4FQ7 = GS2.1.s1762967575$o9$g1$t1762969357$j52$l0$h0
Cookie: ASP.NET_SessionId = qrdsqammqh1rvvpybku55gvv

--- 2025-11-18 09:58:38 | OnRedirectToIdentityProvider ---
Request URL: http://localhost:52498/
Cookie: _ga = GA1.1.2041843706.1695989904
Cookie: .ASPXAUTH = 
Cookie: .Aspire.Dashboard.Antiforgery = CfDJ8OZA3YIdQFdGvMlW4eG2pDkzJ2cx_HrBrX4_UkC5ZtTJvVLfwHW6Ri9lTRF5ZvjH2aDZs-0GX3k4AJ4La8ckW_Yd4mQ2ZipVUMJnNo5uYA533zKvzpiSL_Isj4VCV8c2b3D3XPlNIr2ymZCVXmkrTso
Cookie: .AspNet.Cookies = zPn_FNsluNaKarzXcQmgJshOeY5f59r5hFAA6k1xDTvQ20ALMfGVITjfJqTbiNJKElWDWfr5IUfU4TFxb39GgAL4WwKy5xS75mCC-WbAWc9MtqcRpzAfe0JcflS51H0E7mU_o6t5ueXcN4PKKifKhYM9EJzLQRL2bq4G5Ij8u-l0SjrhGEZ7paGEoCyA2RghuIKjODtRR7ttAcKHIRba-XF4AjYfQI4XfPCGNn43bFCy7SJ4WraQaVsBIYyHrvvKXOI-R56jgQHubHNPUQej-2Z0biy8rpsF2dhxkyGFj4c05IcfMHQAvHerzmEmEgp27p4Cp2yORepbi-yMjhtbFaT7TmYF--lAtKnziCxLN8uye7tPHVD_D-X9L_mqDMVuq2GxIP94w1D1rgxPUHw0asWuzvqibpRy5hHTIykUMhrIM6t0-zxIXKq79LjQ0L5gyZU6qBWuL3a_o3C7AxBZ7aknYxum8o_D-5YLbHccSxXgS5j5Sq_eUbBoALqE6IurpeysJzWOPHqeUqzPAw1ZAqNw_HINHE_pd7fpsai_x9JEu6hF5mNqNRnaMH0lq-d8zoD86oqX1txAJDLbjLaApn-NMsNzQ_kZ46WBeRADWRt9bNREmPrLBrc_FeUVohWfQIrb3m7qLqnAcF8h1BqS9BfO5Z7pOEscPQ7VOEetYVSiGyqtbPpuC1CbXCyjNYpMjP36C7T71cK0upw9Hl3AVP1cIUbKo7X81mZIcgdP9oiZGUUe4spPcFLAh00p1uUS8jzCpceYzEaWJyUHTy_ic9GfJfVLGhxyFCKZQ9Oc7bAxvyTiOet3OpvWExaeqJ-5DgEqj-HnEB0NMqOLWbmfqGoyQDI-3KPXli3cR-yrUCqkAWadBSGFy4wfr9SkYtOigKA2YH2IDqh_USPw2-Q6HSomnJK2_61-0wvvgZTV9wAg_NyeP16KdjIaWcih8PlCx7JdSOW3dEEAVbUeMHPixugyedsq037mmzSwVZ0VG6d_xjUx5BI2nmi_sj_4piNxuMO14ebpfxVHoj8MB1q6IEw12Cvv6AOCoIPH6uitwafsB7aLOgZkmyv1WAuLZK3tpNICYh_sK1-8hrhEss1HGkImWR7PjiiXj3FbR6m90hl7YTWLua2MXHh9vdVCsrpL3jAcFXI1uAVBgawEq-xf5jZ1Frw4RdEH7EG8q4WLutX7qH1QOBoj3MMTMCQsEOqCB1MvQPMzY7wHr-UTKEkU9fO9tJXhi8uNSd8UBxgrzEJQdJolRhEGxlSYhJ_IujoczqY8ls6bOmpCHMjCaZXoFKo9PYMCwIX6O-OOZ95PeEjw48DFY0TCwl8ReD6IXUqCN7S6h9SxH-0GOtf09QeZu2jszvrHiZd77Vn-xdmeFsTxf6uXt8d7v0l1l9aC5jM_seMct48kCaw_UDjmrKB1R3_CFEobfdTvJ_l2t9FTReJHWRnJQEKj3fjrjeJtO85u70hypwna57aybkizAAbUlI1TjjFbeWnKndSaevlFS1K6r4nJFQQpj4BQ8ej1-KJnPGHwmvB4U3cs3-xX-3ZwIBchZYyb7BEpH9AFVZHFLl-Yeu8g9IDR47Y6z1FZlNKfIjICrM5skokom1fKcYtcf1XZJwZ8ETHeKezSKyqhPNrzVzqGhbsxu4-aBavbFebLxGUmurpwWpI9AtI7QO71K2UzSNa0gWzzY5F1WjW7CGziPlXJEbt-OaqpDdpmxHG7tjBGR20Q0RSu9fs-smPRsW5SNtHcOtVzEdxYiSr1UqHj5LskztwKVzfZatjrp5ye9nu1XdRHr6Ie5YDeMMkSRV2EX1uanRGPYHXRL9gdu6Njm77-uLK9TpAKQtIT67dwBP4cTPOMnuLt-z74CsTmOleL5bLoFsTw9gDGhgfSs24y1nPyOIqsWSz8TtEfOKl6uNdOympPqOqaBZcrjGnw0_8_6xGy9YdDF2PZxPD0dNWrdWYTazmBJuzjG6U8-wfZTlo_XUU7wQlKYzXBzZTdcQtic-fGdvFHtt_kgAAK2zwDPyDke2XokAX24quhr_-j3hqSVdooGMCLLBk4Dkg1LmbpmLgdBbGWV_94GqiQObJsrXDy4zFcg5CeCY9J67Pq2GFRAE0dMb_aWfHz2JeJzhEprfGmGIEAW6iPjT2WkhQRoXKzsFBMzz-dZLUoPfzbiLTLXvsAJN4tE3rFhRrWBEy6QDsduhcSPST6ZIZHivoV1mYLQCaLec9Jj8Bj2qjOhOiIZv-XdmLiPguunxOXKjA3920248iVUuOaU_OvUq95tUwHgI59m8E_E8WxSuTSPqJSSYfCWpfNXCHJjm370tHOZ-p0rUZcN2m1sCB2UN0QWMtsHam_aPMCMSbwnY6FxKecUUAmnn8Phw0Ui4qwmPMQB-WxVfwHCYIHhHIe37pPdVkCZDYvkFETlpIRDR1jQVBPDvIGHxcZSjqf0X7RFiVaySZZTWkJ9lVcgbLLK3BE3lJDeFkOcCqSQwHt_5NiDImwMyCIH2EX3YKnmhdJPDFltsp3IABL3qbQ3p1_XHG9ino8wl02DfsTsXLEm4Fyh5iDzgO0FjXlZock0UiaCDvk6CPskcvGFVcfc7xTWJZBwrkDvleTMMlVcdyHd94tg9rytfT0lo9ewnZdOoyV13t0ULGUelOLryMtHXVwVoqsr3JlNM084ueB-g2C6oV4KA-pU7L_jzkrEvDiu_gd8l8E03YYStI2tnuogD_-4zjJj042XbfUktvixr-T96Rv-A_k9Yb3rFOt7cYkiRBlnGJcajAznR-oLPgnzH86pFQ5pFc1cNtoNqXi5XScoBlGkmmROUN4S_69F1zEwXt-T-I1xBdspuT9LLXFILMSityh98B4HEgTxKoDEL_Lyp2yqvgKUcdR_N5z30Lw5A-mUu8Zp9LhmlTZw1PgxpT_tTQXRIhi117dnU0wNCkgLWVE4inS7J4DCRCqXEugRs_9OMsFskSxNGkGfO7SeDRqP565QpXrLlrxZY8DdkaoRdIf3RxxED7RGA29b7e7Lgp3eYWEa42s5OQRP1EcEc62h0Fr8j367EEtmq3wD6gvOH8GZ_vt20mxjQ-xVnTNZiCA6CFb4r46ioU5vK_PMQv8ZCd4l4gA5R-O7FCItQuqqPKNv1uXcOdyh_Tz3LoA4Jy0IZw2L9n7ofdmNdGPBFupdAqQZk_U6utoNHo4v8re5LZH
Cookie: _ga_E937DN4FQ7 = GS2.1.s1762967575$o9$g1$t1762969357$j52$l0$h0
Cookie: ASP.NET_SessionId = qrdsqammqh1rvvpybku55gvv

--- 2025-11-18 09:59:33 | OnAuthenticationFailed ---
Request URL: http://localhost:52498/

--- 2025-11-18 10:00:31 | OnRedirectToIdentityProvider ---
Request URL: http://localhost:52498/
Cookie: _ga = GA1.1.2041843706.1695989904
Cookie: _ga_E937DN4FQ7 = GS2.1.s1762967575$o9$g1$t1762969357$j52$l0$h0
Cookie: ASP.NET_SessionId = 1abm13jkmbin31p0l2ouh20g

--- 2025-11-18 14:32:00 | OnRedirectToIdentityProvider ---
Request URL: http://localhost:52498/
Cookie: _ga = GA1.1.2041843706.1695989904
Cookie: .ASPXAUTH = 
Cookie: .Aspire.Dashboard.Antiforgery = CfDJ8OZA3YIdQFdGvMlW4eG2pDkzJ2cx_HrBrX4_UkC5ZtTJvVLfwHW6Ri9lTRF5ZvjH2aDZs-0GX3k4AJ4La8ckW_Yd4mQ2ZipVUMJnNo5uYA533zKvzpiSL_Isj4VCV8c2b3D3XPlNIr2ymZCVXmkrTso
Cookie: .AspNet.Cookies = zPn_FNsluNaKarzXcQmgJshOeY5f59r5hFAA6k1xDTvQ20ALMfGVITjfJqTbiNJKElWDWfr5IUfU4TFxb39GgAL4WwKy5xS75mCC-WbAWc9MtqcRpzAfe0JcflS51H0E7mU_o6t5ueXcN4PKKifKhYM9EJzLQRL2bq4G5Ij8u-l0SjrhGEZ7paGEoCyA2RghuIKjODtRR7ttAcKHIRba-XF4AjYfQI4XfPCGNn43bFCy7SJ4WraQaVsBIYyHrvvKXOI-R56jgQHubHNPUQej-2Z0biy8rpsF2dhxkyGFj4c05IcfMHQAvHerzmEmEgp27p4Cp2yORepbi-yMjhtbFaT7TmYF--lAtKnziCxLN8uye7tPHVD_D-X9L_mqDMVuq2GxIP94w1D1rgxPUHw0asWuzvqibpRy5hHTIykUMhrIM6t0-zxIXKq79LjQ0L5gyZU6qBWuL3a_o3C7AxBZ7aknYxum8o_D-5YLbHccSxXgS5j5Sq_eUbBoALqE6IurpeysJzWOPHqeUqzPAw1ZAqNw_HINHE_pd7fpsai_x9JEu6hF5mNqNRnaMH0lq-d8zoD86oqX1txAJDLbjLaApn-NMsNzQ_kZ46WBeRADWRt9bNREmPrLBrc_FeUVohWfQIrb3m7qLqnAcF8h1BqS9BfO5Z7pOEscPQ7VOEetYVSiGyqtbPpuC1CbXCyjNYpMjP36C7T71cK0upw9Hl3AVP1cIUbKo7X81mZIcgdP9oiZGUUe4spPcFLAh00p1uUS8jzCpceYzEaWJyUHTy_ic9GfJfVLGhxyFCKZQ9Oc7bAxvyTiOet3OpvWExaeqJ-5DgEqj-HnEB0NMqOLWbmfqGoyQDI-3KPXli3cR-yrUCqkAWadBSGFy4wfr9SkYtOigKA2YH2IDqh_USPw2-Q6HSomnJK2_61-0wvvgZTV9wAg_NyeP16KdjIaWcih8PlCx7JdSOW3dEEAVbUeMHPixugyedsq037mmzSwVZ0VG6d_xjUx5BI2nmi_sj_4piNxuMO14ebpfxVHoj8MB1q6IEw12Cvv6AOCoIPH6uitwafsB7aLOgZkmyv1WAuLZK3tpNICYh_sK1-8hrhEss1HGkImWR7PjiiXj3FbR6m90hl7YTWLua2MXHh9vdVCsrpL3jAcFXI1uAVBgawEq-xf5jZ1Frw4RdEH7EG8q4WLutX7qH1QOBoj3MMTMCQsEOqCB1MvQPMzY7wHr-UTKEkU9fO9tJXhi8uNSd8UBxgrzEJQdJolRhEGxlSYhJ_IujoczqY8ls6bOmpCHMjCaZXoFKo9PYMCwIX6O-OOZ95PeEjw48DFY0TCwl8ReD6IXUqCN7S6h9SxH-0GOtf09QeZu2jszvrHiZd77Vn-xdmeFsTxf6uXt8d7v0l1l9aC5jM_seMct48kCaw_UDjmrKB1R3_CFEobfdTvJ_l2t9FTReJHWRnJQEKj3fjrjeJtO85u70hypwna57aybkizAAbUlI1TjjFbeWnKndSaevlFS1K6r4nJFQQpj4BQ8ej1-KJnPGHwmvB4U3cs3-xX-3ZwIBchZYyb7BEpH9AFVZHFLl-Yeu8g9IDR47Y6z1FZlNKfIjICrM5skokom1fKcYtcf1XZJwZ8ETHeKezSKyqhPNrzVzqGhbsxu4-aBavbFebLxGUmurpwWpI9AtI7QO71K2UzSNa0gWzzY5F1WjW7CGziPlXJEbt-OaqpDdpmxHG7tjBGR20Q0RSu9fs-smPRsW5SNtHcOtVzEdxYiSr1UqHj5LskztwKVzfZatjrp5ye9nu1XdRHr6Ie5YDeMMkSRV2EX1uanRGPYHXRL9gdu6Njm77-uLK9TpAKQtIT67dwBP4cTPOMnuLt-z74CsTmOleL5bLoFsTw9gDGhgfSs24y1nPyOIqsWSz8TtEfOKl6uNdOympPqOqaBZcrjGnw0_8_6xGy9YdDF2PZxPD0dNWrdWYTazmBJuzjG6U8-wfZTlo_XUU7wQlKYzXBzZTdcQtic-fGdvFHtt_kgAAK2zwDPyDke2XokAX24quhr_-j3hqSVdooGMCLLBk4Dkg1LmbpmLgdBbGWV_94GqiQObJsrXDy4zFcg5CeCY9J67Pq2GFRAE0dMb_aWfHz2JeJzhEprfGmGIEAW6iPjT2WkhQRoXKzsFBMzz-dZLUoPfzbiLTLXvsAJN4tE3rFhRrWBEy6QDsduhcSPST6ZIZHivoV1mYLQCaLec9Jj8Bj2qjOhOiIZv-XdmLiPguunxOXKjA3920248iVUuOaU_OvUq95tUwHgI59m8E_E8WxSuTSPqJSSYfCWpfNXCHJjm370tHOZ-p0rUZcN2m1sCB2UN0QWMtsHam_aPMCMSbwnY6FxKecUUAmnn8Phw0Ui4qwmPMQB-WxVfwHCYIHhHIe37pPdVkCZDYvkFETlpIRDR1jQVBPDvIGHxcZSjqf0X7RFiVaySZZTWkJ9lVcgbLLK3BE3lJDeFkOcCqSQwHt_5NiDImwMyCIH2EX3YKnmhdJPDFltsp3IABL3qbQ3p1_XHG9ino8wl02DfsTsXLEm4Fyh5iDzgO0FjXlZock0UiaCDvk6CPskcvGFVcfc7xTWJZBwrkDvleTMMlVcdyHd94tg9rytfT0lo9ewnZdOoyV13t0ULGUelOLryMtHXVwVoqsr3JlNM084ueB-g2C6oV4KA-pU7L_jzkrEvDiu_gd8l8E03YYStI2tnuogD_-4zjJj042XbfUktvixr-T96Rv-A_k9Yb3rFOt7cYkiRBlnGJcajAznR-oLPgnzH86pFQ5pFc1cNtoNqXi5XScoBlGkmmROUN4S_69F1zEwXt-T-I1xBdspuT9LLXFILMSityh98B4HEgTxKoDEL_Lyp2yqvgKUcdR_N5z30Lw5A-mUu8Zp9LhmlTZw1PgxpT_tTQXRIhi117dnU0wNCkgLWVE4inS7J4DCRCqXEugRs_9OMsFskSxNGkGfO7SeDRqP565QpXrLlrxZY8DdkaoRdIf3RxxED7RGA29b7e7Lgp3eYWEa42s5OQRP1EcEc62h0Fr8j367EEtmq3wD6gvOH8GZ_vt20mxjQ-xVnTNZiCA6CFb4r46ioU5vK_PMQv8ZCd4l4gA5R-O7FCItQuqqPKNv1uXcOdyh_Tz3LoA4Jy0IZw2L9n7ofdmNdGPBFupdAqQZk_U6utoNHo4v8re5LZH
Cookie: _ga_E937DN4FQ7 = GS2.1.s1762967575$o9$g1$t1762969357$j52$l0$h0
Cookie: ASP.NET_SessionId = 1abm13jkmbin31p0l2ouh20g

